Correct
allocated inodes on test-disk2: found 1 expected 4
