Correct
allocated inodes on test-disk1: found 2 expected 1
