Correct
Correct
allocated inodes on test-disk1: found 3 expected 2
