Correct
allocated datablocks on test-disk1: found 18 expected 1
