Correct
Writing segment 1
Writing segment 2
Writing segment 3
Writing segment 4
Writing segment 5
Writing segment 6
Writing segment 7
Writing segment 8
Writing segment 9
Writing segment 10
Correct
Correct
