Correct
Correct
total allocated datablocks on all disks: found 12 expected 4
