Correct
total allocated datablocks on all disks: found 54 expected either 1 or 0.
