Correct
Writing segment 1
Writing segment 2
Writing segment 3
Writing segment 4
Writing segment 5
Writing segment 6
Writing segment 7
Writing segment 8
Writing segment 9
Writing segment 10
Writing segment 11
Writing segment 12
Writing segment 13
Writing segment 14
Writing segment 15
Writing segment 16
Writing segment 17
Writing segment 18
Writing segment 19
Writing segment 20
Writing segment 21
Writing segment 22
Writing segment 23
Writing segment 24
Writing segment 25
Writing segment 26
Writing segment 27
Writing segment 28
Writing segment 29
Writing segment 30
Writing segment 31
Writing segment 32
Writing segment 33
Writing segment 34
Writing segment 35
Writing segment 36
Writing segment 37
Writing segment 38
Writing segment 39
Writing segment 40
Writing segment 41
Writing segment 42
Writing segment 43
Writing segment 44
Writing segment 45
Writing segment 46
Writing segment 47
Writing segment 48
Writing segment 49
Writing segment 50
Writing segment 51
Writing segment 52
Writing segment 53
Writing segment 54
Writing segment 55
Writing segment 56
Writing segment 57
Writing segment 58
Writing segment 59
Writing segment 60
Writing segment 61
Writing segment 62
Writing segment 63
Writing segment 64
Writing segment 65
Writing segment 66
Writing segment 67
Writing segment 68
Writing segment 69
Writing segment 70
Writing segment 71
Writing segment 72
Writing segment 73
Writing segment 74
Writing segment 75
Writing segment 76
Writing segment 77
Writing segment 78
Writing segment 79
Writing segment 80
Correct
total allocated datablocks on all disks: found 54 expected either 18 or 20.
