Correct
Correct
total allocated datablocks on all disks: found 36 expected either 12 or 14.
