sb: num inodes [/tmp/hzheng/test-disk1]: found 0 expected 32
