inode field mode [test-disk1]: unexpectedly zero or empty
